adwaita-qt
alsa-utils
bridge-utils
bspwm
checkbashisms
chromium
chromium-widevine
debtap
dnsmasq
dunst
ebtables
feh
figlet
firefox
fzf
gnome-keyring
gnome-themes-extra
gnuplot
google-chrome
gucharmap
gvfs
gvfs-google
gvfs-mtp
imagemagick
jdk-openjdk
jq
julia
lib32-nvidia-utils
ls_extended
lxappearance
man-db
man-pages
mate-polkit
ncdu
neovim
nerd-fonts-complete
network-manager-applet
nm-connection-editor
nnn
nodejs
noto-fonts
noto-fonts-emoji
npm
ntfs-3g
nvidia
nvidia-settings
nvidia-utils
openbsd-netcat
openssh
otf-font-awesome-5-free
otf-hermit
otf-overpass
pacmixer
papirus-folders-git
papirus-icon-theme
pavucontrol
pcmanfm
picom
polybar
posy-cursors
powerline-fonts
pulseaudio-alsa
python-pynvim
qemu
qt5ct
rofi
rustup
seahorse
shellcheck-static
siji-git
starship
stow
sxhkd
termite
termite-terminfo
tmux
tree
ttf-dejavu
ttf-droid
ttf-hack
ttf-liberation
ttf-roboto-mono
ttf-roboto-slab
unrar
unzip
upower
usbutils
virt-manager
virt-viewer
visual-studio-code-bin
wireshark-cli
wireshark-qt
wmname
xarchiver
xclip
xdotool
xorg-server
xorg-xev
xorg-xfd
xorg-xinit
xorg-xprop
xorg-xrandr
xorg-xsetroot
zathura
zathura-pdf-mupdf
zip
zplug
zsh
